// Jest Snapshot v1, https://goo.gl/fbAQLP

exports[`<Form/> renders properly 1`] = `
<div>
  <x-form
    isdirty="false"
    issaveable="true"
    istouched="false"
  >
    <x-errornotification
      data-testid="error-notification"
      messagekey="selfError"
    />
    <x-errornotification
      data-testid="error-notification"
      messagekey="selfUpdateError"
    />
    <x-textinput
      disabled="true"
      label="t(username)"
      name="username"
      patterndescription="t(DOES_NOT_MEET_USERNAME_REQUIREMENTS)"
    />
    <x-emailinput
      label="t(emailAddress)"
      max="250"
      min="3"
      name="email"
      required="true"
    />
    <x-textinput
      label="t(givenName)"
      max="50"
      min="2"
      name="givenName"
    />
    <x-textinput
      label="t(familyName)"
      max="50"
      min="2"
      name="familyName"
    />
    <x-submitbutton
      isautowidth="true"
      text="t(updateProfile)"
    />
  </x-form>
</div>
`;
