// Jest Snapshot v1, https://goo.gl/fbAQLP

exports[`<UserList/> when there are users renders users properly 1`] = `
<div
  class="UserList__Container-hcXHAO eGQWk"
>
  <div
    class="UserList__Row-bzzkPz eqbTRZ"
  >
    <div
      class="UserList__Cell-heYRAP fEyKle"
    >
      USER
    </div>
    <div
      class="UserList__Cell-heYRAP fEyKle"
    >
      USERNAME
    </div>
    <div
      class="UserList__Cell-heYRAP fEyKle"
    >
      GIVEN_NAME FAMILY_NAME
    </div>
  </div>
</div>
`;
