// Jest Snapshot v1, https://goo.gl/fbAQLP

exports[`<Avatar/> renders properly 1`] = `
<x-menudisclosure
  aria-label="user menu"
  classname="Avatar__StyledDisclosure-sc-11puhtb-1 jMXtEj"
  context="LINK"
  size="SMALL"
>
  <div
    class="Avatar__Container-sc-11puhtb-0 kPLMSj"
  >
    <x-muted
      classname="Avatar__StyledMuted-sc-11puhtb-5 bIRaWd"
      data-testid="loader"
    />
    <img
      alt="t(avatarForEmail, {\\"email\\":\\"EMAIL\\"})"
      class="Avatar__Image-sc-11puhtb-4 hLgQHZ"
      src="//www.gravatar.com/avatar/0c83f57c786a0b4a39efab23731c7ebc?d=identicon&r=G&s=30"
    />
  </div>
</x-menudisclosure>
`;
