// Jest Snapshot v1, https://goo.gl/fbAQLP

exports[`<Footer/> renders properly 1`] = `
<footer
  class="Footer__Container-sc-1tc55w2-0 cuuZqz"
  role="contentinfo"
>
  <div
    class="EllipsiedText-o83sq0-0 SmucZ"
  >
    t(footer, {"copyrightYear":"1900","name":"Acme Inc"})
  </div>
  <div>
    <x-child />
  </div>
  <x-versionlink />
  <x-toggles />
</footer>
`;
