// Jest Snapshot v1, https://goo.gl/fbAQLP

exports[`<App/> when app is ready renders its children 1`] = `
<x-coldstart
  data-testid="cold-start"
/>
`;
