// Jest Snapshot v1, https://goo.gl/fbAQLP

exports[`<Form/> renders login page 1`] = `
<div>
  <x-form
    errors="[object Object]"
    formstate="[object Object]"
  >
    <x-errornotification
      data-testid="error-notification"
      messagekey="accountNotifyError"
    />
    <p>
      t(whereToNotifyDetails)
    </p>
    <x-hiddeninput
      name="id"
      value="ID"
    />
    <x-radioinput
      classname="Form__StyledRadioInput-iioPUU jRsPpH"
      label="t(chooseARecoveryMethod)"
      name="notificationMethod"
      options="[object Object]"
    />
    <x-submitbutton
      isautowidth="true"
      text="t(sendNotificationInformation)"
    />
  </x-form>
</div>
`;
