// Jest Snapshot v1, https://goo.gl/fbAQLP

exports[`<NoData/> renders properly 1`] = `
<div
  class="NoData__Container-ejXrQk cgMRDW"
>
  <div>
    t(noDataToDisplay)
  </div>
</div>
`;
